// Jest Snapshot v1, https://goo.gl/fbAQLP

exports[`matches snapshot 1`] = `
<div
  className="d-flex flex-column justify-content-center align-items-center p-2 m-2 card-div"
>
  <span
    className="txt"
    data-testid="description"
    style={
      Object {
        "textDecoration": "",
      }
    }
  >
    Testing
  </span>
  <div
    className="d-flex flex-row justify-content-center"
  >
    <button
      className="btn green-button mx-1"
      onClick={[Function]}
    >
      Edit
    </button>
    <button
      className="btn green-button mx-1"
      onClick={[Function]}
    >
      Delete
    </button>
  </div>
</div>
`;
